


ARM Macro Assembler    Page 1 


    1 00000000                 AREA             appcode, CODE, READONLY
    2 00000000         
    3 00000000                 EXPORT           __main
    4 00000000                 ENTRY
    5 00000000         
    6 00000000         __main  FUNCTION
    7 00000000         
    8 00000000 F04F 0500       MOV              R5,#0       ;    WE FIRSTLY KEE
                                                            P 0 IN R5, 0 IS THE
                                                             1st FIB. NO.
    9 00000004 F04F 0601       MOV              R6,#1       ;    2nd FIB NO. IN
                                                            TO REG R6.
   10 00000008 F04F 090A       MOV              R9,#10      ;    WE WANT THE N=
                                                            10th FIB. NO. SO TA
                                                            KE R9 TO BE N-1=9.
   11 0000000C         
   12 0000000C 4637    LABEL   MOV              R7,R6       ;  R7 IS A TEMPORAR
                                                            Y REGISTER THAT STO
                                                            RES THE NEXT FIB. N
                                                            O.
   13 0000000E 442E            ADD              R6,R6,R5    ; ADDING THE 2 PREV
                                                            IOUS NO.S TO OBTAIN
                                                             THE NEXT FIB. NO.
   14 00000010 463D            MOV              R5,R7       ;   THE PREVIOUS NE
                                                            XT FIB. NO. BECOMES
                                                             THE CURRENT PREVIO
                                                            US FIB. NO. AND WE 
                                                            STORE THAT IN R6.
   15 00000012 F1B9 0901       SUBS             R9,R9,#1    ; BASICALLY REDUCIN
                                                            G OUR COUNT, SUBS I
                                                            S AN INSTRUCTION TH
                                                            AT BASICALLY SETS T
                                                            HE ZERO FLAG IF R9 
                                                            BECOMES 0.
   16 00000016         
   17 00000016 D1F9            BNE              LABEL       ;  BNE IS AN INSTRU
                                                            CTION WHICH LEADS B
                                                            ACK TO THE LABEL AD
                                                            DRESS WHERE THE FN 
                                                            HAS TO RUN AGAIN UN
                                                            TILL UNLESS R9=0.
   18 00000018         
   19 00000018         ;R6 WILL GIVE OUR Nth FIB. NO. (THE OUTPUT)
   20 00000018         
   21 00000018         
   22 00000018 E7FE    stop    B                stop        ; STOPS PROG.  
   23 0000001A                 ENDFUNC
   24 0000001A                 END
Command Line: --debug --xref --diag_suppress=9931 --cpu=Cortex-M4.fp --apcs=int
erwork --depend=.\objects\first.d -o.\objects\first.o -I.\RTE\_Target_1 -IC:\Us
ers\Shivam\AppData\Local\Arm\Packs\ARM\CMSIS\5.5.1\CMSIS\Core\Include -IC:\User
s\Shivam\AppData\Local\Arm\Packs\Keil\STM32F4xx_DFP\2.14.0\Drivers\CMSIS\Device
\ST\STM32F4xx\Include --predefine="__EVAL SETA 1" --predefine="__UVISION_VERSIO
N SETA 528" --predefine="_RTE_ SETA 1" --predefine="STM32F407xx SETA 1" --list=
.\listings\first.lst first.s



ARM Macro Assembler    Page 1 Alphabetic symbol ordering
Relocatable symbols

LABEL 0000000C

Symbol: LABEL
   Definitions
      At line 12 in file first.s
   Uses
      At line 17 in file first.s
Comment: LABEL used once
__main 00000000

Symbol: __main
   Definitions
      At line 6 in file first.s
   Uses
      At line 3 in file first.s
Comment: __main used once
appcode 00000000

Symbol: appcode
   Definitions
      At line 1 in file first.s
   Uses
      None
Comment: appcode unused
stop 00000018

Symbol: stop
   Definitions
      At line 22 in file first.s
   Uses
      At line 22 in file first.s
Comment: stop used once
4 symbols
339 symbols in table
